08:44:51.581 [Info] 系统初始化完成，正在读取抽屉状态…
08:44:51.830 [Info] 抽屉 1 状态变更：Idle → Ready（有料，配方：R-101）
08:44:51.839 [Info] 抽屉 2 状态变更：Idle → Warning（无料，配方：R-508）
08:44:51.842 [Info] 抽屉 3 状态变更：Idle → Ready（有料，配方：R-101）
08:44:51.843 [Info] 抽屉 4 状态变更：Idle → Ready（有料，配方：R-330）
08:44:51.844 [Info] 抽屉 5 状态变更：Idle → Ready（有料，配方：R-415）
08:44:51.845 [Info] 抽屉 6 状态变更：Idle → Warning（无料，配方：R-101）
08:44:51.846 [Info] 抽屉 7 状态变更：Idle → Warning（无料，配方：R-415）
08:44:51.846 [Info] 抽屉 8 状态变更：Idle → Warning（无料，配方：R-415）
08:44:51.847 [Info] 抽屉 9 状态变更：Idle → Warning（有料，配方：无）
08:44:51.848 [Info] 抽屉 10 状态变更：Idle → Warning（无料，配方：R-415）
08:44:51.849 [Info] 抽屉 12 状态变更：Idle → Warning（有料，配方：无）
08:44:51.850 [Info] 抽屉 13 状态变更：Idle → Warning（有料，配方：无）
08:44:51.850 [Info] 抽屉 14 状态变更：Idle → Ready（有料，配方：R-330）
08:44:51.851 [Info] 抽屉 15 状态变更：Idle → Ready（有料，配方：R-330）
08:44:51.852 [Info] 抽屉 16 状态变更：Idle → Ready（有料，配方：R-508）
08:44:51.852 [Info] 抽屉 17 状态变更：Idle → Warning（有料，配方：无）
08:44:51.853 [Info] 抽屉 18 状态变更：Idle → Ready（有料，配方：R-415）
08:44:51.868 [Success] 已加载 18 个抽屉状态
08:54:27.754 [Info] 系统初始化完成，正在读取抽屉状态…
08:54:28.123 [Info] 抽屉 1 状态变更：Idle → Warning（有料，配方：无）
08:54:28.131 [Info] 抽屉 2 状态变更：Idle → Warning（有料，配方：无）
08:54:28.133 [Info] 抽屉 3 状态变更：Idle → Ready（有料，配方：R-330）
08:54:28.137 [Info] 抽屉 5 状态变更：Idle → Warning（有料，配方：无）
08:54:28.137 [Info] 抽屉 6 状态变更：Idle → Ready（有料，配方：R-101）
08:54:28.138 [Info] 抽屉 7 状态变更：Idle → Ready（有料，配方：R-101）
08:54:28.139 [Info] 抽屉 8 状态变更：Idle → Warning（有料，配方：无）
08:54:28.140 [Info] 抽屉 9 状态变更：Idle → Ready（有料，配方：R-101）
08:54:28.140 [Info] 抽屉 10 状态变更：Idle → Ready（有料，配方：R-508）
08:54:28.141 [Info] 抽屉 12 状态变更：Idle → Ready（有料，配方：R-101）
08:54:28.142 [Info] 抽屉 13 状态变更：Idle → Ready（有料，配方：R-205）
08:54:28.143 [Info] 抽屉 14 状态变更：Idle → Ready（有料，配方：R-508）
08:54:28.143 [Info] 抽屉 15 状态变更：Idle → Warning（有料，配方：无）
08:54:28.144 [Info] 抽屉 16 状态变更：Idle → Warning（无料，配方：R-508）
08:54:28.145 [Info] 抽屉 18 状态变更：Idle → Ready（有料，配方：R-330）
08:54:28.160 [Success] 已加载 18 个抽屉状态
08:55:58.630 [Info] 系统初始化完成，正在读取抽屉状态…
08:55:58.767 [Info] 抽屉 2 状态变更：Idle → Ready（有料，配方：R-101）
08:55:58.770 [Info] 抽屉 3 状态变更：Idle → Ready（有料，配方：R-415）
08:55:58.771 [Info] 抽屉 4 状态变更：Idle → Warning（有料，配方：无）
08:55:58.771 [Info] 抽屉 5 状态变更：Idle → Warning（有料，配方：无）
08:55:58.771 [Info] 抽屉 6 状态变更：Idle → Ready（有料，配方：R-415）
08:55:58.772 [Info] 抽屉 7 状态变更：Idle → Ready（有料，配方：R-205）
08:55:58.772 [Info] 抽屉 8 状态变更：Idle → Warning（有料，配方：无）
08:55:58.772 [Info] 抽屉 9 状态变更：Idle → Ready（有料，配方：R-101）
08:55:58.773 [Info] 抽屉 10 状态变更：Idle → Warning（无料，配方：R-508）
08:55:58.774 [Info] 抽屉 12 状态变更：Idle → Warning（有料，配方：无）
08:55:58.774 [Info] 抽屉 13 状态变更：Idle → Warning（有料，配方：无）
08:55:58.774 [Info] 抽屉 14 状态变更：Idle → Warning（有料，配方：无）
08:55:58.775 [Info] 抽屉 15 状态变更：Idle → Ready（有料，配方：R-330）
08:55:58.775 [Info] 抽屉 16 状态变更：Idle → Ready（有料，配方：R-101）
08:55:58.776 [Info] 抽屉 17 状态变更：Idle → Ready（有料，配方：R-330）
08:55:58.776 [Info] 抽屉 18 状态变更：Idle → Warning（有料，配方：无）
08:55:58.786 [Success] 已加载 18 个抽屉状态
09:12:51.749 [Info] 系统初始化完成，正在读取抽屉状态…
09:12:51.940 [Info] 抽屉 2 状态变更：Idle → Ready（有料，配方：R-508）
09:12:51.945 [Info] 抽屉 3 状态变更：Idle → Ready（有料，配方：R-330）
09:12:51.947 [Info] 抽屉 4 状态变更：Idle → Warning（无料，配方：R-330）
09:12:51.947 [Info] 抽屉 5 状态变更：Idle → Ready（有料，配方：R-508）
09:12:51.948 [Info] 抽屉 6 状态变更：Idle → Ready（有料，配方：R-205）
09:12:51.949 [Info] 抽屉 7 状态变更：Idle → Ready（有料，配方：R-330）
09:12:51.950 [Info] 抽屉 8 状态变更：Idle → Ready（有料，配方：R-508）
09:12:51.950 [Info] 抽屉 9 状态变更：Idle → Warning（无料，配方：R-205）
09:12:51.951 [Info] 抽屉 10 状态变更：Idle → Ready（有料，配方：R-101）
09:12:51.951 [Info] 抽屉 11 状态变更：Idle → Warning（无料，配方：R-330）
09:12:51.952 [Info] 抽屉 12 状态变更：Idle → Ready（有料，配方：R-508）
09:12:51.952 [Info] 抽屉 13 状态变更：Idle → Warning（有料，配方：无）
09:12:51.953 [Info] 抽屉 14 状态变更：Idle → Warning（有料，配方：无）
09:12:51.953 [Info] 抽屉 16 状态变更：Idle → Warning（有料，配方：无）
09:12:51.954 [Info] 抽屉 17 状态变更：Idle → Ready（有料，配方：R-508）
09:12:51.955 [Info] 抽屉 18 状态变更：Idle → Warning（无料，配方：R-415）
09:12:51.969 [Success] 已加载 18 个抽屉状态
09:42:41.520 [Info] 系统初始化完成，正在读取抽屉状态…
09:42:41.851 [Info] 抽屉 1 状态变更：Idle → Ready（有料，配方：R-205）
09:42:41.861 [Info] 抽屉 2 状态变更：Idle → Warning（无料，配方：R-205）
09:42:41.863 [Info] 抽屉 3 状态变更：Idle → Ready（有料，配方：R-330）
09:42:41.864 [Info] 抽屉 4 状态变更：Idle → Ready（有料，配方：R-415）
09:42:41.864 [Info] 抽屉 5 状态变更：Idle → Ready（有料，配方：R-508）
09:42:41.865 [Info] 抽屉 6 状态变更：Idle → Ready（有料，配方：R-508）
09:42:41.865 [Info] 抽屉 7 状态变更：Idle → Warning（无料，配方：R-205）
09:42:41.868 [Info] 抽屉 8 状态变更：Idle → Ready（有料，配方：R-330）
09:42:41.870 [Info] 抽屉 9 状态变更：Idle → Warning（无料，配方：R-330）
09:42:41.871 [Info] 抽屉 10 状态变更：Idle → Ready（有料，配方：R-101）
09:42:41.872 [Info] 抽屉 11 状态变更：Idle → Warning（无料，配方：R-330）
09:42:41.873 [Info] 抽屉 12 状态变更：Idle → Warning（有料，配方：无）
09:42:41.874 [Info] 抽屉 14 状态变更：Idle → Ready（有料，配方：R-330）
09:42:41.874 [Info] 抽屉 15 状态变更：Idle → Ready（有料，配方：R-508）
09:42:41.875 [Info] 抽屉 16 状态变更：Idle → Warning（无料，配方：R-508）
09:42:41.876 [Info] 抽屉 17 状态变更：Idle → Warning（有料，配方：无）
09:42:41.876 [Info] 抽屉 18 状态变更：Idle → Ready（有料，配方：R-205）
09:42:41.894 [Success] 已加载 18 个抽屉状态
09:42:55.808 [Info] 切换页面 → 配方管理
09:43:02.833 [Info] 切换页面 → 进料抽屉监控
09:43:03.605 [Info] 切换页面 → 图像管理
09:43:07.421 [Info] 触发相机采集…
09:43:08.035 [Success] 图像采集完成（第 1 张）
09:43:08.544 [Info] 触发相机采集…
09:43:09.145 [Success] 图像采集完成（第 2 张）
09:43:09.915 [Info] 切换页面 → 打印管理
09:43:15.741 [Info] 开始打印标签…
09:43:16.548 [Success] 标签打印完成（第 1 次）
09:43:18.776 [Info] 开始打印标签…
09:43:19.588 [Success] 标签打印完成（第 2 次）
09:43:20.103 [Info] 开始打印标签…
09:43:20.908 [Success] 标签打印完成（第 3 次）
09:43:22.534 [Info] 切换页面 → 图像管理
09:45:11.033 [Info] 切换页面 → 进料抽屉监控
09:45:11.658 [Info] 切换页面 → 配方管理
09:45:21.010 [Info] 开始下发配方到抽屉 11：R-330
09:45:21.521 [Success] 抽屉 11 配方下发成功（R-330）
09:45:21.724 [Info] 开始下发配方到抽屉 11：R-330
09:45:22.239 [Success] 抽屉 11 配方下发成功（R-330）
09:45:25.229 [Info] 切换页面 → 进料抽屉监控
09:58:19.669 [Info] 用户点击退出，应用即将关闭…
09:58:22.830 [Info] 系统初始化完成，正在读取抽屉状态…
09:58:23.130 [Info] 抽屉 1 状态变更：Idle → Warning（无料，配方：R-415）
09:58:23.144 [Info] 抽屉 2 状态变更：Idle → Ready（有料，配方：R-101）
09:58:23.146 [Info] 抽屉 3 状态变更：Idle → Ready（有料，配方：R-330）
09:58:23.147 [Info] 抽屉 4 状态变更：Idle → Ready（有料，配方：R-415）
09:58:23.148 [Info] 抽屉 5 状态变更：Idle → Warning（无料，配方：R-205）
09:58:23.150 [Info] 抽屉 8 状态变更：Idle → Warning（无料，配方：R-101）
09:58:23.151 [Info] 抽屉 9 状态变更：Idle → Warning（有料，配方：无）
09:58:23.152 [Info] 抽屉 10 状态变更：Idle → Warning（有料，配方：无）
09:58:23.153 [Info] 抽屉 12 状态变更：Idle → Warning（无料，配方：R-101）
09:58:23.154 [Info] 抽屉 14 状态变更：Idle → Warning（有料，配方：无）
09:58:23.156 [Info] 抽屉 15 状态变更：Idle → Ready（有料，配方：R-508）
09:58:23.158 [Info] 抽屉 17 状态变更：Idle → Warning（有料，配方：无）
09:58:23.159 [Info] 抽屉 18 状态变更：Idle → Ready（有料，配方：R-415）
09:58:23.181 [Success] 已加载 18 个抽屉状态
09:58:37.662 [Info] 切换页面 → 配方管理
09:58:38.994 [Info] 切换页面 → 进料抽屉监控
10:08:13.754 [Info] 切换页面 → 配方管理
10:08:14.729 [Info] 切换页面 → 进料抽屉监控
10:58:56.033 [Info] 系统初始化完成，正在读取抽屉状态…
10:58:56.414 [Info] 抽屉 1 状态变更：Idle → Warning（无料，配方：R-205）
10:58:56.426 [Info] 抽屉 2 状态变更：Idle → Ready（有料，配方：R-330）
10:58:56.428 [Info] 抽屉 3 状态变更：Idle → Warning（无料，配方：R-101）
10:58:56.428 [Info] 抽屉 5 状态变更：Idle → Ready（有料，配方：R-415）
10:58:56.429 [Info] 抽屉 6 状态变更：Idle → Ready（有料，配方：R-330）
10:58:56.429 [Info] 抽屉 7 状态变更：Idle → Warning（无料，配方：R-508）
10:58:56.430 [Info] 抽屉 8 状态变更：Idle → Warning（有料，配方：无）
10:58:56.430 [Info] 抽屉 9 状态变更：Idle → Ready（有料，配方：R-415）
10:58:56.431 [Info] 抽屉 10 状态变更：Idle → Warning（有料，配方：无）
10:58:56.431 [Info] 抽屉 15 状态变更：Idle → Ready（有料，配方：R-330）
10:58:56.432 [Info] 抽屉 16 状态变更：Idle → Ready（有料，配方：R-101）
10:58:56.432 [Info] 抽屉 17 状态变更：Idle → Ready（有料，配方：R-508）
10:58:56.433 [Info] 抽屉 18 状态变更：Idle → Ready（有料，配方：R-508）
10:58:56.445 [Success] 已加载 18 个抽屉状态
10:59:22.308 [Info] 切换页面 → 配方管理
10:59:23.554 [Info] 切换页面 → 图像管理
10:59:24.135 [Info] 切换页面 → 打印管理
10:59:24.626 [Info] 切换页面 → 进料抽屉监控
10:59:25.178 [Info] 切换页面 → 图像管理
10:59:47.683 [Info] 切换页面 → 打印管理
10:59:48.205 [Info] 切换页面 → 进料抽屉监控
10:59:50.355 [Info] 切换页面 → 配方管理
10:59:53.792 [Info] 系统初始化完成，正在读取抽屉状态…
10:59:54.011 [Info] 抽屉 2 状态变更：Idle → Ready（有料，配方：R-330）
10:59:54.015 [Info] 抽屉 3 状态变更：Idle → Warning（有料，配方：无）
10:59:54.016 [Info] 抽屉 4 状态变更：Idle → Warning（无料，配方：R-415）
10:59:54.016 [Info] 抽屉 6 状态变更：Idle → Ready（有料，配方：R-415）
10:59:54.017 [Info] 抽屉 7 状态变更：Idle → Ready（有料，配方：R-101）
10:59:54.018 [Info] 抽屉 9 状态变更：Idle → Warning（无料，配方：R-330）
10:59:54.018 [Info] 抽屉 10 状态变更：Idle → Warning（有料，配方：无）
10:59:54.019 [Info] 抽屉 12 状态变更：Idle → Ready（有料，配方：R-415）
10:59:54.020 [Info] 抽屉 13 状态变更：Idle → Ready（有料，配方：R-508）
10:59:54.020 [Info] 抽屉 14 状态变更：Idle → Warning（无料，配方：R-508）
10:59:54.021 [Info] 抽屉 15 状态变更：Idle → Ready（有料，配方：R-415）
10:59:54.022 [Info] 抽屉 16 状态变更：Idle → Ready（有料，配方：R-415）
10:59:54.036 [Success] 已加载 18 个抽屉状态
11:05:50.836 [Info] 系统初始化完成，正在读取抽屉状态…
11:05:51.037 [Info] 抽屉 2 状态变更：Idle → Warning（有料，配方：无）
11:05:51.039 [Info] 抽屉 3 状态变更：Idle → Warning（有料，配方：无）
11:05:51.039 [Info] 抽屉 4 状态变更：Idle → Warning（有料，配方：无）
11:05:51.040 [Info] 抽屉 5 状态变更：Idle → Warning（有料，配方：无）
11:05:51.040 [Info] 抽屉 7 状态变更：Idle → Warning（有料，配方：无）
11:05:51.041 [Info] 抽屉 10 状态变更：Idle → Warning（有料，配方：无）
11:05:51.041 [Info] 抽屉 12 状态变更：Idle → Warning（有料，配方：无）
11:05:51.041 [Info] 抽屉 13 状态变更：Idle → Warning（有料，配方：无）
11:05:51.042 [Info] 抽屉 15 状态变更：Idle → Warning（有料，配方：无）
11:05:51.042 [Info] 抽屉 17 状态变更：Idle → Warning（有料，配方：无）
11:05:51.043 [Info] 抽屉 18 状态变更：Idle → Warning（有料，配方：无）
11:05:51.055 [Success] 已加载 18 个抽屉状态
11:06:12.767 [Info] 抽屉 5 状态变更：Warning → Ready（有料，配方：会）
11:06:13.539 [Info] 抽屉 5 状态变更：Ready → Warning（有料，配方：无）
11:06:14.673 [Info] 抽屉 5 状态变更：Warning → Ready（有料，配方：鱼）
11:06:15.451 [Info] 抽屉 5 状态变更：Ready → Warning（有料，配方：无）
11:06:16.148 [Info] 抽屉 5 状态变更：Warning → Ready（有料，配方：1）
11:06:19.833 [Info] 抽屉 1 状态变更：Idle → Warning（无料，配方：2）
11:06:21.875 [Info] 抽屉 8 状态变更：Idle → Warning（无料，配方：1）
11:06:24.252 [Info] 抽屉 9 状态变更：Idle → Warning（无料，配方：1）
11:06:27.021 [Info] 抽屉 11 状态变更：Idle → Warning（无料，配方：1）
11:06:30.661 [Info] 抽屉 12 状态变更：Warning → Ready（有料，配方：1）
11:06:33.270 [Info] 抽屉 11 状态变更：Warning → Idle（无料，配方：无）
11:06:37.348 [Info] 开始下发全部配方…
11:06:37.864 [Success] 全部配方下发完成（5/5）
11:06:38.379 [Info] 开始下发全部配方…
11:06:38.884 [Success] 全部配方下发完成（5/5）
11:06:39.433 [Info] 开始下发全部配方…
11:06:39.941 [Success] 全部配方下发完成（5/5）
11:06:46.089 [Info] 切换页面 → 配方管理
11:06:59.050 [Info] 开始下发配方到抽屉 5：100
11:06:59.557 [Success] 抽屉 5 配方下发成功（100）
11:07:00.839 [Info] 开始下发配方到抽屉 5：100
11:07:01.340 [Success] 抽屉 5 配方下发成功（100）
11:07:01.998 [Info] 开始下发配方到抽屉 5：100
11:07:02.500 [Success] 抽屉 5 配方下发成功（100）
11:07:02.747 [Info] 开始下发配方到抽屉 5：100
11:07:03.251 [Success] 抽屉 5 配方下发成功（100）
11:07:03.458 [Info] 开始下发配方到抽屉 5：100
11:07:03.965 [Success] 抽屉 5 配方下发成功（100）
11:07:05.121 [Info] 切换页面 → 进料抽屉监控
11:08:02.399 [Info] 切换页面 → 配方管理
11:08:03.640 [Info] 切换页面 → 进料抽屉监控
11:08:36.947 [Info] 系统初始化完成，正在读取抽屉状态…
11:08:37.199 [Info] 抽屉 2 状态变更：Idle → Warning（有料，配方：无）
11:08:37.201 [Info] 抽屉 5 状态变更：Idle → Warning（有料，配方：无）
11:08:37.202 [Info] 抽屉 8 状态变更：Idle → Warning（有料，配方：无）
11:08:37.203 [Info] 抽屉 10 状态变更：Idle → Warning（有料，配方：无）
11:08:37.203 [Info] 抽屉 11 状态变更：Idle → Warning（有料，配方：无）
11:08:37.204 [Info] 抽屉 14 状态变更：Idle → Warning（有料，配方：无）
11:08:37.204 [Info] 抽屉 15 状态变更：Idle → Warning（有料，配方：无）
11:08:37.205 [Info] 抽屉 16 状态变更：Idle → Warning（有料，配方：无）
11:08:37.205 [Info] 抽屉 18 状态变更：Idle → Warning（有料，配方：无）
11:08:37.217 [Success] 已加载 18 个抽屉状态
11:08:40.148 [Info] 开始下发全部配方…
11:08:40.149 [Success] 全部配方下发完成（0/0）
11:08:40.964 [Info] 开始下发全部配方…
11:08:40.964 [Success] 全部配方下发完成（0/0）
11:08:41.137 [Info] 开始下发全部配方…
11:08:41.137 [Success] 全部配方下发完成（0/0）
11:08:41.324 [Info] 开始下发全部配方…
11:08:41.325 [Success] 全部配方下发完成（0/0）
11:08:41.494 [Info] 开始下发全部配方…
11:08:41.494 [Success] 全部配方下发完成（0/0）
11:08:41.683 [Info] 开始下发全部配方…
11:08:41.683 [Success] 全部配方下发完成（0/0）
11:08:41.863 [Info] 开始下发全部配方…
11:08:41.863 [Success] 全部配方下发完成（0/0）
11:08:42.063 [Info] 开始下发全部配方…
11:08:42.064 [Success] 全部配方下发完成（0/0）
11:08:42.272 [Info] 开始下发全部配方…
11:08:42.272 [Success] 全部配方下发完成（0/0）
11:08:42.468 [Info] 开始下发全部配方…
11:08:42.469 [Success] 全部配方下发完成（0/0）
11:08:42.644 [Info] 开始下发全部配方…
11:08:42.644 [Success] 全部配方下发完成（0/0）
11:08:42.819 [Info] 开始下发全部配方…
11:08:42.820 [Success] 全部配方下发完成（0/0）
11:08:54.784 [Info] 切换页面 → 配方管理
11:09:05.320 [Info] 切换页面 → 打印管理
11:09:10.383 [Info] 切换页面 → 图像管理
11:09:14.250 [Info] 切换页面 → 进料抽屉监控
11:09:16.088 [Info] 切换页面 → 配方管理
11:09:17.863 [Info] 切换页面 → 进料抽屉监控
11:10:44.897 [Info] 抽屉 11 状态变更：Warning → Ready（有料，配方：0）
11:10:45.967 [Info] 抽屉 11 状态变更：Ready → Warning（有料，配方：无）
11:10:46.458 [Info] 抽屉 11 状态变更：Warning → Ready（有料，配方：0）
11:10:46.856 [Info] 抽屉 11 状态变更：Ready → Warning（有料，配方：无）
11:10:47.191 [Info] 抽屉 11 状态变更：Warning → Ready（有料，配方：0）
11:10:47.547 [Info] 抽屉 11 状态变更：Ready → Warning（有料，配方：无）
11:10:47.834 [Info] 抽屉 11 状态变更：Warning → Ready（有料，配方：0）
11:10:48.146 [Info] 抽屉 11 状态变更：Ready → Warning（有料，配方：无）
11:10:48.467 [Info] 抽屉 11 状态变更：Warning → Ready（有料，配方：0）
11:10:48.815 [Info] 抽屉 11 状态变更：Ready → Warning（有料，配方：无）
11:10:49.694 [Info] 抽屉 11 状态变更：Warning → Ready（有料，配方：0）
11:10:50.088 [Info] 抽屉 11 状态变更：Ready → Warning（有料，配方：无）
11:10:50.548 [Info] 抽屉 11 状态变更：Warning → Ready（有料，配方：0）
11:10:51.325 [Info] 抽屉 11 状态变更：Ready → Warning（有料，配方：无）
11:10:51.711 [Info] 抽屉 11 状态变更：Warning → Ready（有料，配方：0）
11:10:54.283 [Info] 抽屉 11 状态变更：Ready → Warning（有料，配方：无）
11:10:54.943 [Info] 抽屉 11 状态变更：Warning → Ready（有料，配方：0）
11:11:01.007 [Info] 抽屉 11 状态变更：Ready → Warning（有料，配方：无）
11:16:36.555 [Info] 系统初始化完成，正在读取抽屉状态…
11:16:36.771 [Info] 抽屉 2 状态变更：Idle → Warning（有料，配方：无）
11:16:36.773 [Info] 抽屉 4 状态变更：Idle → Warning（有料，配方：无）
11:16:36.774 [Info] 抽屉 5 状态变更：Idle → Warning（有料，配方：无）
11:16:36.774 [Info] 抽屉 6 状态变更：Idle → Warning（有料，配方：无）
11:16:36.775 [Info] 抽屉 7 状态变更：Idle → Warning（有料，配方：无）
11:16:36.776 [Info] 抽屉 8 状态变更：Idle → Warning（有料，配方：无）
11:16:36.776 [Info] 抽屉 10 状态变更：Idle → Warning（有料，配方：无）
11:16:36.777 [Info] 抽屉 11 状态变更：Idle → Warning（有料，配方：无）
11:16:36.777 [Info] 抽屉 12 状态变更：Idle → Warning（有料，配方：无）
11:16:36.777 [Info] 抽屉 13 状态变更：Idle → Warning（有料，配方：无）
11:16:36.778 [Info] 抽屉 14 状态变更：Idle → Warning（有料，配方：无）
11:16:36.778 [Info] 抽屉 16 状态变更：Idle → Warning（有料，配方：无）
11:16:36.779 [Info] 抽屉 17 状态变更：Idle → Warning（有料，配方：无）
11:16:36.794 [Success] 已加载 18 个抽屉状态
11:17:18.753 [Info] 系统初始化完成，正在读取抽屉状态…
11:17:18.944 [Info] 抽屉 3 状态变更：Idle → Warning（有料，配方：无）
11:17:18.945 [Info] 抽屉 5 状态变更：Idle → Warning（有料，配方：无）
11:17:18.945 [Info] 抽屉 7 状态变更：Idle → Warning（有料，配方：无）
11:17:18.946 [Info] 抽屉 8 状态变更：Idle → Warning（有料，配方：无）
11:17:18.946 [Info] 抽屉 11 状态变更：Idle → Warning（有料，配方：无）
11:17:18.947 [Info] 抽屉 13 状态变更：Idle → Warning（有料，配方：无）
11:17:18.947 [Info] 抽屉 14 状态变更：Idle → Warning（有料，配方：无）
11:17:18.960 [Success] 已加载 18 个抽屉状态
11:17:30.233 [Info] 用户点击退出，应用即将关闭…
11:20:35.162 [Info] 系统初始化完成，正在读取抽屉状态…
11:20:35.321 [Info] 抽屉 2 状态变更：Idle → Warning（有料，配方：无）
11:20:35.322 [Info] 抽屉 3 状态变更：Idle → Warning（有料，配方：无）
11:20:35.323 [Info] 抽屉 4 状态变更：Idle → Warning（有料，配方：无）
11:20:35.324 [Info] 抽屉 9 状态变更：Idle → Warning（有料，配方：无）
11:20:35.325 [Info] 抽屉 12 状态变更：Idle → Warning（有料，配方：无）
11:20:35.325 [Info] 抽屉 13 状态变更：Idle → Warning（有料，配方：无）
11:20:35.325 [Info] 抽屉 14 状态变更：Idle → Warning（有料，配方：无）
11:20:35.326 [Info] 抽屉 15 状态变更：Idle → Warning（有料，配方：无）
11:20:35.326 [Info] 抽屉 16 状态变更：Idle → Warning（有料，配方：无）
11:20:35.327 [Info] 抽屉 17 状态变更：Idle → Warning（有料，配方：无）
11:20:35.339 [Success] 已加载 18 个抽屉状态
11:21:06.701 [Info] 抽屉 14 状态变更：Warning → Ready（有料，配方：1）
11:21:07.596 [Info] 抽屉 15 状态变更：Warning → Ready（有料，配方：1）
11:21:08.271 [Info] 抽屉 16 状态变更：Warning → Ready（有料，配方：1）
11:21:08.889 [Info] 抽屉 17 状态变更：Warning → Ready（有料，配方：1）
11:21:09.882 [Info] 抽屉 18 状态变更：Idle → Warning（无料，配方：3）
11:21:11.610 [Info] 抽屉 11 状态变更：Idle → Warning（无料，配方：1）
11:21:12.186 [Info] 抽屉 10 状态变更：Idle → Warning（无料，配方：1）
11:21:12.688 [Info] 抽屉 9 状态变更：Warning → Ready（有料，配方：1）
11:21:45.104 [Info] 开始下发全部配方…
11:21:45.620 [Success] 全部配方下发完成（8/8）
11:21:46.460 [Info] 开始下发全部配方…
11:21:46.972 [Success] 全部配方下发完成（8/8）
11:21:47.559 [Info] 开始下发全部配方…
11:21:48.060 [Success] 全部配方下发完成（8/8）
11:21:48.953 [Info] 开始下发全部配方…
11:21:49.469 [Success] 全部配方下发完成（8/8）
11:22:04.832 [Info] 切换页面 → 配方管理
11:22:10.060 [Info] 切换页面 → 进料抽屉监控
11:22:10.763 [Info] 切换页面 → 配方管理
11:22:13.886 [Info] 开始下发配方到抽屉 9：1
11:22:14.399 [Success] 抽屉 9 配方下发成功（1）
11:22:15.303 [Info] 开始下发配方到抽屉 9：1
11:22:15.816 [Success] 抽屉 9 配方下发成功（1）
11:22:17.879 [Info] 开始下发配方到抽屉 9：1
11:22:18.390 [Success] 抽屉 9 配方下发成功（1）
11:22:24.886 [Info] 切换页面 → 进料抽屉监控
11:23:01.866 [Info] 切换页面 → 配方管理
11:23:02.548 [Info] 切换页面 → 进料抽屉监控
11:23:02.899 [Info] 切换页面 → 配方管理
11:23:03.314 [Info] 切换页面 → 进料抽屉监控
11:23:03.725 [Info] 切换页面 → 配方管理
11:32:23.737 [Info] 系统初始化完成，正在读取抽屉状态…
11:32:23.923 [Info] 抽屉 1 状态变更：Idle → Warning（有料，配方：无）
11:32:23.928 [Info] 抽屉 2 状态变更：Idle → Warning（有料，配方：无）
11:32:23.929 [Info] 抽屉 5 状态变更：Idle → Warning（有料，配方：无）
11:32:23.929 [Info] 抽屉 8 状态变更：Idle → Warning（有料，配方：无）
11:32:23.930 [Info] 抽屉 9 状态变更：Idle → Warning（有料，配方：无）
11:32:23.930 [Info] 抽屉 10 状态变更：Idle → Warning（有料，配方：无）
11:32:23.931 [Info] 抽屉 15 状态变更：Idle → Warning（有料，配方：无）
11:32:23.931 [Info] 抽屉 16 状态变更：Idle → Warning（有料，配方：无）
11:32:23.931 [Info] 抽屉 17 状态变更：Idle → Warning（有料，配方：无）
11:32:23.931 [Info] 抽屉 18 状态变更：Idle → Warning（有料，配方：无）
11:32:23.941 [Success] 已加载 18 个抽屉状态
11:33:18.481 [Info] 系统初始化完成，正在读取抽屉状态…
11:33:18.704 [Info] 抽屉 1 状态变更：Idle → Warning（有料，配方：无）
11:33:18.713 [Info] 抽屉 3 状态变更：Idle → Warning（有料，配方：无）
11:33:18.713 [Info] 抽屉 4 状态变更：Idle → Warning（有料，配方：无）
11:33:18.714 [Info] 抽屉 5 状态变更：Idle → Warning（有料，配方：无）
11:33:18.715 [Info] 抽屉 6 状态变更：Idle → Warning（有料，配方：无）
11:33:18.715 [Info] 抽屉 7 状态变更：Idle → Warning（有料，配方：无）
11:33:18.716 [Info] 抽屉 8 状态变更：Idle → Warning（有料，配方：无）
11:33:18.716 [Info] 抽屉 10 状态变更：Idle → Warning（有料，配方：无）
11:33:18.717 [Info] 抽屉 11 状态变更：Idle → Warning（有料，配方：无）
11:33:18.718 [Info] 抽屉 14 状态变更：Idle → Warning（有料，配方：无）
11:33:18.718 [Info] 抽屉 15 状态变更：Idle → Warning（有料，配方：无）
11:33:18.718 [Info] 抽屉 16 状态变更：Idle → Warning（有料，配方：无）
11:33:18.719 [Info] 抽屉 17 状态变更：Idle → Warning（有料，配方：无）
11:33:18.735 [Success] 已加载 18 个抽屉状态
11:33:35.755 [Info] 切换页面 → 配方管理
11:33:38.098 [Info] 切换页面 → 进料抽屉监控
11:33:42.209 [Info] 切换页面 → 配方管理
11:33:48.746 [Info] 切换页面 → 打印管理
11:36:02.705 [Info] 系统初始化完成，正在读取抽屉状态…
11:36:02.871 [Info] 抽屉 1 状态变更：Idle → Warning（有料，配方：无）
11:36:02.875 [Info] 抽屉 2 状态变更：Idle → Warning（有料，配方：无）
11:36:02.876 [Info] 抽屉 3 状态变更：Idle → Warning（有料，配方：无）
11:36:02.877 [Info] 抽屉 8 状态变更：Idle → Warning（有料，配方：无）
11:36:02.877 [Info] 抽屉 10 状态变更：Idle → Warning（有料，配方：无）
11:36:02.878 [Info] 抽屉 11 状态变更：Idle → Warning（有料，配方：无）
11:36:02.878 [Info] 抽屉 12 状态变更：Idle → Warning（有料，配方：无）
11:36:02.878 [Info] 抽屉 13 状态变更：Idle → Warning（有料，配方：无）
11:36:02.879 [Info] 抽屉 15 状态变更：Idle → Warning（有料，配方：无）
11:36:02.879 [Info] 抽屉 16 状态变更：Idle → Warning（有料，配方：无）
11:36:02.879 [Info] 抽屉 17 状态变更：Idle → Warning（有料，配方：无）
11:36:02.879 [Info] 抽屉 18 状态变更：Idle → Warning（有料，配方：无）
11:36:02.889 [Success] 已加载 18 个抽屉状态
11:36:05.954 [Info] 切换页面 → 配方管理
12:46:34.374 [Info] 系统初始化完成，正在读取抽屉状态…
12:46:34.781 [Info] 抽屉 1 状态变更：Idle → Warning（有料，配方：无）
12:46:34.793 [Info] 抽屉 3 状态变更：Idle → Warning（有料，配方：无）
12:46:34.794 [Info] 抽屉 5 状态变更：Idle → Warning（有料，配方：无）
12:46:34.795 [Info] 抽屉 6 状态变更：Idle → Warning（有料，配方：无）
12:46:34.796 [Info] 抽屉 7 状态变更：Idle → Warning（有料，配方：无）
12:46:34.797 [Info] 抽屉 8 状态变更：Idle → Warning（有料，配方：无）
12:46:34.798 [Info] 抽屉 11 状态变更：Idle → Warning（有料，配方：无）
12:46:34.798 [Info] 抽屉 12 状态变更：Idle → Warning（有料，配方：无）
12:46:34.799 [Info] 抽屉 14 状态变更：Idle → Warning（有料，配方：无）
12:46:34.800 [Info] 抽屉 15 状态变更：Idle → Warning（有料，配方：无）
12:46:34.801 [Info] 抽屉 17 状态变更：Idle → Warning（有料，配方：无）
12:46:34.801 [Info] 抽屉 18 状态变更：Idle → Warning（有料，配方：无）
12:46:34.822 [Success] 已加载 18 个抽屉状态
12:46:41.165 [Info] 切换页面 → 配方管理
13:15:25.975 [Info] 系统初始化完成，正在读取抽屉状态…
13:15:26.374 [Info] 抽屉 3 状态变更：Idle → Warning（有料，配方：无）
13:15:26.375 [Info] 抽屉 5 状态变更：Idle → Warning（有料，配方：无）
13:15:26.376 [Info] 抽屉 6 状态变更：Idle → Warning（有料，配方：无）
13:15:26.377 [Info] 抽屉 9 状态变更：Idle → Warning（有料，配方：无）
13:15:26.378 [Info] 抽屉 14 状态变更：Idle → Warning（有料，配方：无）
13:15:26.379 [Info] 抽屉 15 状态变更：Idle → Warning（有料，配方：无）
13:15:26.380 [Info] 抽屉 18 状态变更：Idle → Warning（有料，配方：无）
13:15:26.400 [Success] 已加载 18 个抽屉状态
13:15:30.276 [Info] 正在加载配方文件：D:\Printer\Data\Recipe.xlsx
13:15:30.299 [Info] 切换页面 → 配方管理
13:15:35.347 [Success] 配方加载完成：18 行 / 26 列
13:15:48.779 [Info] 正在加载配方文件：D:\Printer\Data\Recipe.xlsx
13:15:48.860 [Success] 配方加载完成：18 行 / 26 列
13:15:49.181 [Info] 正在加载配方文件：D:\Printer\Data\Recipe.xlsx
13:15:49.233 [Success] 配方加载完成：18 行 / 26 列
13:16:43.005 [Info] 正在加载配方文件：D:\Printer\Data\Recipe.xlsx
13:16:43.072 [Success] 配方加载完成：18 行 / 25 列
13:16:54.612 [Info] 切换页面 → 进料抽屉监控
13:16:55.283 [Info] 切换页面 → 配方管理
13:17:11.232 [Info] 切换页面 → 进料抽屉监控
13:17:14.393 [Info] 切换页面 → 配方管理
14:39:49.867 [Info] 系统初始化完成，正在读取抽屉状态…
14:39:50.341 [Info] 抽屉 1 状态变更：Idle → Warning（有料，配方：无）
14:39:50.354 [Info] 抽屉 4 状态变更：Idle → Warning（有料，配方：无）
14:39:50.355 [Info] 抽屉 6 状态变更：Idle → Warning（有料，配方：无）
14:39:50.357 [Info] 抽屉 8 状态变更：Idle → Warning（有料，配方：无）
14:39:50.358 [Info] 抽屉 9 状态变更：Idle → Warning（有料，配方：无）
14:39:50.359 [Info] 抽屉 10 状态变更：Idle → Warning（有料，配方：无）
14:39:50.360 [Info] 抽屉 11 状态变更：Idle → Warning（有料，配方：无）
14:39:50.361 [Info] 抽屉 12 状态变更：Idle → Warning（有料，配方：无）
14:39:50.362 [Info] 抽屉 15 状态变更：Idle → Warning（有料，配方：无）
14:39:50.386 [Success] 已加载 18 个抽屉状态
14:39:54.203 [Info] 正在加载配方文件：D:\Printer\Data\Recipe.xlsx
14:39:54.237 [Info] 切换页面 → 配方管理
14:39:56.469 [Success] 配方加载完成：18 行 / 25 列
14:40:10.093 [Success] 新建空白配方成功：D:\Printer\Data\Recipe_20260901_144009.xlsx（原配方文件保留）
14:40:15.224 [Success] 新建空白配方成功：D:\Printer\Data\Recipe_20260901_144009_20260901_144015.xlsx（原配方文件保留）
14:40:16.021 [Success] 新建空白配方成功：D:\Printer\Data\Recipe_20260901_144009_20260901_144015_20260901_144015.xlsx（原配方文件保留）
14:40:16.962 [Info] 正在加载配方文件：D:\Printer\Data\Recipe_20260901_144009_20260901_144015_20260901_144015.xlsx
14:40:16.974 [Success] 配方加载完成：0 行 / 5 列
14:40:20.601 [Info] 用户点击退出，应用即将关闭…
14:40:33.606 [Info] 系统初始化完成，正在读取抽屉状态…
14:40:34.055 [Info] 抽屉 1 状态变更：Idle → Warning（有料，配方：无）
14:40:34.068 [Info] 抽屉 2 状态变更：Idle → Warning（有料，配方：无）
14:40:34.071 [Info] 抽屉 4 状态变更：Idle → Warning（有料，配方：无）
14:40:34.072 [Info] 抽屉 5 状态变更：Idle → Warning（有料，配方：无）
14:40:34.073 [Info] 抽屉 6 状态变更：Idle → Warning（有料，配方：无）
14:40:34.074 [Info] 抽屉 7 状态变更：Idle → Warning（有料，配方：无）
14:40:34.075 [Info] 抽屉 8 状态变更：Idle → Warning（有料，配方：无）
14:40:34.076 [Info] 抽屉 9 状态变更：Idle → Warning（有料，配方：无）
14:40:34.078 [Info] 抽屉 12 状态变更：Idle → Warning（有料，配方：无）
14:40:34.078 [Info] 抽屉 13 状态变更：Idle → Warning（有料，配方：无）
14:40:34.079 [Info] 抽屉 14 状态变更：Idle → Warning（有料，配方：无）
14:40:34.080 [Info] 抽屉 16 状态变更：Idle → Warning（有料，配方：无）
14:40:34.081 [Info] 抽屉 17 状态变更：Idle → Warning（有料，配方：无）
14:40:34.117 [Success] 已加载 18 个抽屉状态
14:40:36.335 [Info] 正在加载配方文件：D:\Printer\Data\Recipe.xlsx
14:40:36.372 [Info] 切换页面 → 配方管理
14:40:38.609 [Success] 配方加载完成：18 行 / 25 列
14:40:56.056 [Success] 已新增列「新列26」
14:40:56.672 [Info] 已自动保存至 D:\Printer\Data\Recipe.xlsx
14:41:06.544 [Info] 用户点击退出，应用即将关闭…
14:53:11.134 [Info] 系统初始化完成，正在读取抽屉状态…
14:53:11.975 [Info] 抽屉 6 状态变更：Idle → Warning（有料，配方：无）
14:53:11.976 [Info] 抽屉 7 状态变更：Idle → Warning（有料，配方：无）
14:53:11.977 [Info] 抽屉 8 状态变更：Idle → Warning（有料，配方：无）
14:53:11.978 [Info] 抽屉 9 状态变更：Idle → Warning（有料，配方：无）
14:53:11.980 [Info] 抽屉 11 状态变更：Idle → Warning（有料，配方：无）
14:53:11.981 [Info] 抽屉 13 状态变更：Idle → Warning（有料，配方：无）
14:53:11.982 [Info] 抽屉 14 状态变更：Idle → Warning（有料，配方：无）
14:53:11.982 [Info] 抽屉 16 状态变更：Idle → Warning（有料，配方：无）
14:53:11.983 [Info] 抽屉 17 状态变更：Idle → Warning（有料，配方：无）
14:53:11.985 [Info] 抽屉 18 状态变更：Idle → Warning（有料，配方：无）
14:53:12.014 [Success] 已加载 18 个抽屉状态
14:53:15.530 [Info] 正在加载配方文件：D:\Printer\Data\Recipe.xlsx
14:53:15.560 [Info] 切换页面 → 配方管理
14:53:16.456 [Info] 切换页面 → 进料抽屉监控
14:53:17.332 [Success] 配方加载完成：18 行 / 26 列
14:53:17.681 [Info] 切换页面 → 配方管理
14:53:33.242 [Info] 正在加载配方文件：D:\Printer\Data\Recipe.xlsx
14:53:33.349 [Success] 配方加载完成：18 行 / 26 列
14:53:33.948 [Info] 正在加载配方文件：D:\Printer\Data\Recipe.xlsx
14:53:34.021 [Success] 配方加载完成：18 行 / 26 列
14:53:40.142 [Info] 切换页面 → 进料抽屉监控
14:53:44.883 [Info] 切换页面 → 图像管理
14:54:18.475 [Info] 切换页面 → 配方管理
14:54:23.747 [Info] 切换页面 → 进料抽屉监控
14:54:44.071 [Info] 系统初始化完成，正在读取抽屉状态…
14:54:44.512 [Info] 抽屉 1 状态变更：Idle → Warning（有料，配方：无）
14:54:44.523 [Info] 抽屉 5 状态变更：Idle → Warning（有料，配方：无）
14:54:44.524 [Info] 抽屉 6 状态变更：Idle → Warning（有料，配方：无）
14:54:44.525 [Info] 抽屉 7 状态变更：Idle → Warning（有料，配方：无）
14:54:44.525 [Info] 抽屉 9 状态变更：Idle → Warning（有料，配方：无）
14:54:44.526 [Info] 抽屉 10 状态变更：Idle → Warning（有料，配方：无）
14:54:44.527 [Info] 抽屉 11 状态变更：Idle → Warning（有料，配方：无）
14:54:44.527 [Info] 抽屉 12 状态变更：Idle → Warning（有料，配方：无）
14:54:44.528 [Info] 抽屉 14 状态变更：Idle → Warning（有料，配方：无）
14:54:44.529 [Info] 抽屉 16 状态变更：Idle → Warning（有料，配方：无）
14:54:44.530 [Info] 抽屉 17 状态变更：Idle → Warning（有料，配方：无）
14:54:44.530 [Info] 抽屉 18 状态变更：Idle → Warning（有料，配方：无）
14:54:44.549 [Success] 已加载 18 个抽屉状态
14:57:24.863 [Info] 系统初始化完成，正在读取抽屉状态…
14:57:25.216 [Info] 抽屉 1 状态变更：Idle → Warning（有料，配方：无）
14:57:25.230 [Info] 抽屉 4 状态变更：Idle → Warning（有料，配方：无）
14:57:25.231 [Info] 抽屉 6 状态变更：Idle → Warning（有料，配方：无）
14:57:25.232 [Info] 抽屉 7 状态变更：Idle → Warning（有料，配方：无）
14:57:25.233 [Info] 抽屉 8 状态变更：Idle → Warning（有料，配方：无）
14:57:25.234 [Info] 抽屉 12 状态变更：Idle → Warning（有料，配方：无）
14:57:25.235 [Info] 抽屉 13 状态变更：Idle → Warning（有料，配方：无）
14:57:25.236 [Info] 抽屉 14 状态变更：Idle → Warning（有料，配方：无）
14:57:25.236 [Info] 抽屉 15 状态变更：Idle → Warning（有料，配方：无）
14:57:25.237 [Info] 抽屉 16 状态变更：Idle → Warning（有料，配方：无）
14:57:25.238 [Info] 抽屉 18 状态变更：Idle → Warning（有料，配方：无）
14:57:25.258 [Success] 已加载 18 个抽屉状态
14:57:53.122 [Info] 抽屉 12 状态变更：Warning → Ready（有料，配方：1）
14:57:55.701 [Info] 正在加载配方文件：D:\Printer\Data\Recipe.xlsx
14:57:55.727 [Info] 切换页面 → 配方管理
14:57:57.620 [Success] 配方加载完成：18 行 / 26 列
14:58:19.084 [Info] 切换页面 → 进料抽屉监控
14:59:24.337 [Info] 切换页面 → 配方管理
14:59:56.485 [Info] 切换页面 → 进料抽屉监控
15:02:04.943 [Info] 切换页面 → 配方管理
15:03:49.487 [Success] 已新增列「新列27」
15:03:49.956 [Info] 已自动保存至 D:\Printer\Data\Recipe.xlsx
15:03:59.101 [Info] 正在加载配方文件：D:\Printer\Data\Recipe.xlsx
15:03:59.300 [Success] 配方加载完成：18 行 / 27 列
15:04:03.766 [Info] 正在加载配方文件：D:\Printer\Data\Recipe.xlsx
15:04:03.876 [Success] 配方加载完成：18 行 / 27 列
15:04:04.313 [Info] 正在加载配方文件：D:\Printer\Data\Recipe.xlsx
15:04:04.473 [Success] 配方加载完成：18 行 / 27 列
15:05:50.094 [Info] 切换页面 → 进料抽屉监控
15:09:51.150 [Info] 切换页面 → 配方管理
16:30:41.367 [Info] 用户点击退出，应用即将关闭…
