14:21:52.259 [Info] 系统初始化完成，正在读取抽屉状态…
14:26:32.309 [Info] 系统初始化完成，正在读取抽屉状态…
14:32:06.441 [Info] 系统初始化完成，正在读取抽屉状态…
14:32:06.764 [Info] 抽屉 1 状态变更：Idle → Warning（无料，配方：R-508）
14:32:06.798 [Info] 抽屉 2 状态变更：Idle → Warning（无料，配方：R-330）
14:32:06.801 [Info] 抽屉 3 状态变更：Idle → Warning（有料，配方：无）
14:32:06.802 [Info] 抽屉 4 状态变更：Idle → Warning（无料，配方：R-101）
14:32:06.803 [Info] 抽屉 5 状态变更：Idle → Warning（无料，配方：R-101）
14:32:06.803 [Info] 抽屉 6 状态变更：Idle → Warning（有料，配方：无）
14:32:06.804 [Info] 抽屉 7 状态变更：Idle → Ready（有料，配方：R-508）
14:32:06.806 [Info] 抽屉 8 状态变更：Idle → Ready（有料，配方：R-101）
14:32:06.808 [Info] 抽屉 9 状态变更：Idle → Warning（有料，配方：无）
14:32:06.810 [Info] 抽屉 10 状态变更：Idle → Warning（有料，配方：无）
14:32:06.811 [Info] 抽屉 12 状态变更：Idle → Warning（无料，配方：R-205）
14:32:06.812 [Info] 抽屉 13 状态变更：Idle → Warning（无料，配方：R-205）
14:32:06.814 [Info] 抽屉 14 状态变更：Idle → Ready（有料，配方：R-330）
14:32:06.816 [Info] 抽屉 15 状态变更：Idle → Ready（有料，配方：R-415）
14:32:06.817 [Info] 抽屉 17 状态变更：Idle → Ready（有料，配方：R-205）
14:32:06.818 [Info] 抽屉 18 状态变更：Idle → Warning（有料，配方：无）
14:32:06.837 [Success] 已加载 18 个抽屉状态
14:32:40.109 [Info] 抽屉 2 状态变更：Warning → Idle（无料，配方：无）
14:38:07.449 [Info] 抽屉 10 状态变更：Warning → Ready（有料，配方：1）
14:38:08.596 [Info] 抽屉 11 状态变更：Idle → Warning（无料，配方：1）
14:38:10.681 [Info] 抽屉 18 状态变更：Warning → Ready（有料，配方：1）
14:53:47.787 [Info] 系统初始化完成，正在读取抽屉状态…
14:53:47.956 [Info] 抽屉 1 状态变更：Idle → Ready（有料，配方：R-415）
14:53:47.962 [Info] 抽屉 2 状态变更：Idle → Warning（有料，配方：无）
14:53:47.963 [Info] 抽屉 3 状态变更：Idle → Warning（无料，配方：R-415）
14:53:47.964 [Info] 抽屉 4 状态变更：Idle → Ready（有料，配方：R-508）
14:53:47.965 [Info] 抽屉 5 状态变更：Idle → Ready（有料，配方：R-330）
14:53:47.966 [Info] 抽屉 6 状态变更：Idle → Warning（无料，配方：R-101）
14:53:47.966 [Info] 抽屉 7 状态变更：Idle → Ready（有料，配方：R-415）
14:53:47.967 [Info] 抽屉 8 状态变更：Idle → Ready（有料，配方：R-508）
14:53:47.968 [Info] 抽屉 9 状态变更：Idle → Warning（有料，配方：无）
14:53:47.968 [Info] 抽屉 10 状态变更：Idle → Warning（有料，配方：无）
14:53:47.969 [Info] 抽屉 12 状态变更：Idle → Warning（无料，配方：R-415）
14:53:47.969 [Info] 抽屉 13 状态变更：Idle → Warning（无料，配方：R-101）
14:53:47.970 [Info] 抽屉 16 状态变更：Idle → Warning（无料，配方：R-508）
14:53:47.971 [Info] 抽屉 17 状态变更：Idle → Ready（有料，配方：R-508）
14:53:47.972 [Info] 抽屉 18 状态变更：Idle → Warning（无料，配方：R-508）
14:53:47.984 [Success] 已加载 18 个抽屉状态
